// Vitest Snapshot v1, https://vitest.dev/guide/snapshot.html

exports[`cetAiTelemetry barrel > TASK_MESH line, observe_parse snapshot, deep lattice + skill locus 1`] = `
[
  "RAV_BURST: SEO: DNA-3 across|Topical|index · v1.9 topoisomerase · sancțiuni & screening · seal epoch-rotating nonce",
  "TASK_MESH: ~200k task agents · delegated sub-queries · CET AI consolidation",
  "AGENT_POOL_MESH: Risk Modelling: DNA-3 registers|Third-party|Regulatory · v4.2 demethylase · cost tokeni sub control · seal RAV-enforc…",
  "TEAM_AGENT_MESH: GDPR/KYC — DST boundary guard ⌁ vocile pieței locale ⌁ CetAi-synchronised ⌁ v12.1 ligase",
  "INPUT_STREAM: "How do 200k agents route tasks?" · Tokens: 6",
  "INPUT_MESH: marketing · rollback-ready locus · Attention-sparsified customer-trust surfaces · using spectra…",
  "SKILL_LOCUS: Agricultural Science — EOFY finance crunch ⌁ agronomie + DeFi ⌁ Lyapunov-… · topic=team",
  "PARSE_MESH: product-design · harvest-season agritech boost · Policy-saturated regulatory hyperplanes · under gam…",
]
`;
